exports[`test SyntaxHighlighter component renders correctly 1`] = `
<pre
  style={
    Object {
      "background": "#F0F0F0",
      "color": "#444",
      "display": "block",
      "overflowX": "auto",
      "padding": "0.5em"
    }
  }>
  <code
    style={
      Object {
        "float": "left",
        "paddingRight": "10px"
      }
    }>
    <span
      className="line">
      1
      
    </span>
    <span
      className="line">
      2
      
    </span>
    <span
      className="line">
      3
      
    </span>
    <span
      className="line">
      4
      
    </span>
    <span
      className="line">
      5
      
    </span>
    <span
      className="line">
      6
      
    </span>
    <span
      className="line">
      7
      
    </span>
    <span
      className="line">
      8
      
    </span>
    <span
      className="line">
      9
      
    </span>
    <span
      className="line">
      10
      
    </span>
  </code>
  <code>
    <span
      style={
        Object {
          "fontWeight": "bold"
        }
      }>
      const
    </span>
     woah = fun => fun + 
    <span
      style={
        Object {
          "color": "#880000"
        }
      }>
      1
    </span>
    ;
    
    <span
      style={
        Object {
          "fontWeight": "bold"
        }
      }>
      const
    </span>
     dude = woah(
    <span
      style={
        Object {
          "color": "#880000"
        }
      }>
      2
    </span>
    ) + 
    <span
      style={
        Object {
          "color": "#880000"
        }
      }>
      3
    </span>
    ;
    
    <span
      style={Object {}}>
      <span
        style={
          Object {
            "fontWeight": "bold"
          }
        }>
        function
      </span>
       
      <span
        style={
          Object {
            "color": "#880000",
            "fontWeight": "bold"
          }
        }>
        thisIsAFunction
      </span>
      (
      <span
        style={Object {}} />
      ) 
    </span>
    {
      
    <span
      style={
        Object {
          "fontWeight": "bold"
        }
      }>
      return
    </span>
     [
    <span
      style={
        Object {
          "color": "#880000"
        }
      }>
      1
    </span>
    ,
    <span
      style={
        Object {
          "color": "#880000"
        }
      }>
      2
    </span>
    ,
    <span
      style={
        Object {
          "color": "#880000"
        }
      }>
      3
    </span>
    ].map(n => n + 
    <span
      style={
        Object {
          "color": "#880000"
        }
      }>
      1
    </span>
    ).filter(n !== 
    <span
      style={
        Object {
          "color": "#880000"
        }
      }>
      3
    </span>
    );
    }
    
    <span
      style={
        Object {
          "color": "#397300"
        }
      }>
      console
    </span>
    .log(
    <span
      style={
        Object {
          "color": "#880000"
        }
      }>
      \'making up fake code is really hard\'
    </span>
    );
    
    
    <span
      style={Object {}}>
      <span
        style={
          Object {
            "fontWeight": "bold"
          }
        }>
        function
      </span>
       
      <span
        style={
          Object {
            "color": "#880000",
            "fontWeight": "bold"
          }
        }>
        itIs
      </span>
      (
      <span
        style={Object {}} />
      ) 
    </span>
    {
      
    <span
      style={
        Object {
          "fontWeight": "bold"
        }
      }>
      return
    </span>
     
    <span
      style={
        Object {
          "color": "#880000"
        }
      }>
      \'no seriously really it is\'
    </span>
    ;
    }
    
  </code>
</pre>
`;
